
> terminal@0.1.0 test
> vitest run src/features/perpetuals/queries/live-orders-query.test.tsx


 RUN  v3.2.7 /private/tmp/terminal-181-ci-baseline

 ❯ src/features/perpetuals/queries/live-orders-query.test.tsx (23 tests | 1 failed) 4271ms
   ✓ useLiveOrders > disabled state > returns empty orders when enabled is false 66ms
   ✓ useLiveOrders > disabled state > returns empty orders when userAddress is empty 102ms
   ✓ useLiveOrders > disabled state > does not subscribe when disabled 90ms
   ✓ useLiveOrders > subscription management > subscribes with correct parameters when enabled 22ms
   ✓ useLiveOrders > subscription management > passes undefined throttleMs when not specified 13ms
   ✓ useLiveOrders > subscription management > unsubscribes on unmount 82ms
   ✓ useLiveOrders > subscription management > resubscribes when userAddress changes 7ms
   ✓ useLiveOrders > connection and error states > sets isConnected to true when receiving valid orders 175ms
   ✓ useLiveOrders > connection and error states > does not set isError when WebSocket fails but REST succeeds 22ms
   ✓ useLiveOrders > connection and error states > sets isError to true when WebSocket and REST both fail 59ms
   ✓ useLiveOrders > connection and error states > uses REST orders when WebSocket has not connected 56ms
   ✓ useLiveOrders > connection and error states > keeps REST orders when the first WebSocket snapshot is empty 181ms
   ✓ useLiveOrders > connection and error states > recovers from error state when receiving valid orders  347ms
   ✓ useLiveOrders > loading states > shows isInitialLoading when not connected and no data 5ms
   ✓ useLiveOrders > loading states > hides isInitialLoading when connected  519ms
   ✓ useLiveOrders > order filtering > returns all orders when hideTpSl is false  395ms
   ✓ useLiveOrders > order filtering > filters out position-attached TP/SL when hideTpSl is true 110ms
   ✓ useLiveOrders > order filtering > handles orders without detailedOrderType when filtering 55ms
   ✓ useLiveOrders > caching behavior > reads data from React Query cache when WebSocket updates arrive  570ms
   ✓ useLiveOrders > caching behavior > returns empty array before WebSocket delivers data 3ms
   ✓ useLiveOrders > caching behavior > uses pre-existing cache when subscribing 97ms
   ✓ useLiveOrders > state reset on disable > resets connection state when becoming disabled 229ms
   × useLiveOrders > state reset on disable > resets error state when becoming disabled 1028ms
     → expected false to be true // Object.is equality

Ignored nodes: comments, script, style
[36m<html>[39m
  [36m<head />[39m
  [36m<body>[39m
    [36m<div />[39m
  [36m</body>[39m
[36m</html>[39m

⎯⎯⎯⎯⎯⎯⎯ Failed Tests 1 ⎯⎯⎯⎯⎯⎯⎯

 FAIL  src/features/perpetuals/queries/live-orders-query.test.tsx > useLiveOrders > state reset on disable > resets error state when becoming disabled
AssertionError: expected false to be true // Object.is equality

Ignored nodes: comments, script, style
[36m<html>[39m
  [36m<head />[39m
  [36m<body>[39m
    [36m<div />[39m
  [36m</body>[39m
[36m</html>[39m

- Expected
+ Received

- true
+ false

 ❯ src/features/perpetuals/queries/live-orders-query.test.tsx:716:40
    714|       // Wait for error state
    715|       await waitFor(() => {
    716|         expect(result.current.isError).toBe(true);
       |                                        ^
    717|       });
    718| 
 ❯ runWithExpensiveErrorDiagnosticsDisabled ../../../Users/deeeed/dev/metamask/va-mmcx-terminal-2/node_modules/@testing-library/dom/dist/config.js:47:12
 ❯ checkCallback ../../../Users/deeeed/dev/metamask/va-mmcx-terminal-2/node_modules/@testing-library/dom/dist/wait-for.js:124:77
 ❯ Timeout.checkRealTimersCallback ../../../Users/deeeed/dev/metamask/va-mmcx-terminal-2/node_modules/@testing-library/dom/dist/wait-for.js:118:16

⎯⎯⎯⎯⎯⎯⎯⎯⎯⎯⎯⎯⎯⎯⎯⎯⎯⎯⎯⎯⎯⎯⎯⎯[1/1]⎯


 Test Files  1 failed (1)
      Tests  1 failed | 22 passed (23)
   Start at  21:11:40
   Duration  26.09s (transform 708ms, setup 2.57s, collect 1.48s, tests 4.27s, environment 3.85s, prepare 954ms)

