Recipe libraries: perps=/Users/deeeed/dev/metamask/experimental-metamask-recipe-perps (5 recipes), terminal=/Users/deeeed/dev/metamask/experimental-metamask-recipe-terminal (34 recipes), metamask=/Users/deeeed/.npm-global/lib/node_modules/@deeeed/metamask-harness/library (16 recipes)
Recipe libraries: perps=/Users/deeeed/dev/metamask/experimental-metamask-recipe-perps (5 recipes), terminal=/Users/deeeed/dev/metamask/experimental-metamask-recipe-terminal (34 recipes), metamask=/Users/deeeed/.npm-global/lib/node_modules/@deeeed/metamask-harness/library (16 recipes)
{
  "schemaVersion": 1,
  "command": "run",
  "context": {
    "adapter": {
      "value": "terminal",
      "source": "flag",
      "detail": "--adapter"
    },
    "target": {
      "value": "/Users/deeeed/dev/metamask/va-mmcx-terminal-1",
      "source": "flag",
      "detail": "--target"
    },
    "slot": {
      "value": null,
      "source": "none",
      "detail": "not-in-pool",
      "poolDir": "/Users/deeeed/dev/farmslot/pool"
    },
    "ports": {
      "cdp": {
        "value": 9541,
        "source": "flag"
      },
      "watcher": {
        "value": 9341,
        "source": "flag"
      }
    }
  },
  "adapter": "terminal",
  "status": "pass",
  "exitCode": 0,
  "recovered": [],
  "mutations": [],
  "reportPath": "/Users/deeeed/dev/metamask/va-mmcx-terminal-1/temp/tasks/fix/176-1009-201707/artifacts/recipe-recovery-run/report.md",
  "result": {
    "status": "pass",
    "summaryPath": "/Users/deeeed/dev/metamask/va-mmcx-terminal-1/temp/tasks/fix/176-1009-201707/artifacts/recipe-recovery-run/summary.json",
    "tracePath": "/Users/deeeed/dev/metamask/va-mmcx-terminal-1/temp/tasks/fix/176-1009-201707/artifacts/recipe-recovery-run/trace.json",
    "artifactManifestPath": "/Users/deeeed/dev/metamask/va-mmcx-terminal-1/temp/tasks/fix/176-1009-201707/artifacts/recipe-recovery-run/artifact-manifest.json",
    "recipePath": "/Users/deeeed/dev/metamask/va-mmcx-terminal-1/temp/tasks/fix/176-1009-201707/artifacts/recipe-recovery-run/recipe.json",
    "diagnosticsPath": "/Users/deeeed/dev/metamask/va-mmcx-terminal-1/temp/tasks/fix/176-1009-201707/artifacts/recipe-recovery-run/diagnostics.json",
    "sideFindings": {
      "status": "clean",
      "note": "No application warnings or errors were emitted during the recipe run.",
      "counts": {
        "total": 0,
        "warning": 0,
        "error": 0,
        "exception": 0,
        "info": 1
      }
    }
  }
}
