{
  "schemaVersion": 1,
  "command": "run",
  "context": {
    "adapter": {
      "value": "terminal",
      "source": "flag",
      "detail": "--adapter"
    },
    "target": {
      "value": "/Users/deeeed/dev/metamask/va-mmcx-terminal-1",
      "source": "flag",
      "detail": "--target"
    },
    "slot": {
      "value": null,
      "source": "none",
      "detail": "not-in-pool",
      "poolDir": "/Users/deeeed/dev/farmslot/pool"
    },
    "ports": {
      "cdp": {
        "value": 9541,
        "source": "flag"
      },
      "watcher": {
        "value": 9341,
        "source": "flag"
      }
    }
  },
  "adapter": "terminal",
  "status": "fail",
  "exitCode": 2,
  "recipe": "temp/tasks/fix/176-1009-201707/artifacts/recipe.json",
  "error": {
    "code": "RECORDING_UNSUPPORTED",
    "message": "--record-video is not implemented for the terminal adapter.",
    "userAction": "rerun without --record-video; for visual evidence use the adapter's own screenshot action where its manifest has one, or an adapter that records: mobile, extension"
  }
}
