
> terminal@0.1.0 test
> vitest run src/features/perpetuals/queries/live-orderbook-query.test.tsx src/features/perpetuals/queries/live-trades-query.test.tsx


 RUN  v3.2.7 /Users/deeeed/dev/metamask/va-mmcx-terminal-3

(node:14970) [DEP0040] DeprecationWarning: The `punycode` module is deprecated. Please use a userland alternative instead.
(Use `node --trace-deprecation ...` to show where the warning was created)
(node:14969) [DEP0040] DeprecationWarning: The `punycode` module is deprecated. Please use a userland alternative instead.
(Use `node --trace-deprecation ...` to show where the warning was created)
 ❯ src/features/perpetuals/queries/live-orderbook-query.test.tsx (16 tests | 3 failed) 115ms
   × useLiveOrderBook > initial state > leaves the timestamp unset after the dummy fetch resolves 65ms
     → expected 1791538937945 to be null
   ✓ useLiveOrderBook > initial state > returns null orderBook and loading state initially 3ms
   ✓ useLiveOrderBook > receiving order book updates > updates orderBook when callback invokes 5ms
   ✓ useLiveOrderBook > receiving order book updates > reports when the last order book update arrived 7ms
   ✓ useLiveOrderBook > receiving order book updates > stays in loading state when no data received yet 3ms
   ✓ useLiveOrderBook > receiving order book updates > returns null until WebSocket delivers data 5ms
   × useLiveOrderBook > receiving order book updates > reads orderBook from React Query cache when pre-populated 3ms
     → expected 1791538938023 to be null
   ✓ useLiveOrderBook > receiving order book updates > handles order book with different aggregation levels 3ms
   ✓ useLiveOrderBook > receiving order book updates > extracts priceHint from cached order book with any aggregation level 3ms
   ✓ useLiveOrderBook > receiving order book updates > handles order book with empty bids and asks 5ms
   ✓ useLiveOrderBook > enabled option > does not subscribe when enabled is false 1ms
   ✓ useLiveOrderBook > enabled option > does not subscribe when symbol is empty 1ms
   ✓ useLiveOrderBook > error handling > returns isError=false when disabled 0ms
   × useLiveOrderBook > stale data behavior > keeps previous data visible when switching aggregation (isStale=true) 7ms
     → expected 1791538938042 to be null
   ✓ useLiveOrderBook > type exports > returns correct shape matching UseLiveOrderBookReturn interface 1ms
   ✓ useLiveOrderBook > cleanup > calls unsubscribe when unmounting 2ms
 ❯ src/features/perpetuals/queries/live-trades-query.test.tsx (21 tests | 3 failed) 124ms
   × useLiveTrades > initial state > leaves the timestamp unset after the dummy fetch resolves 64ms
     → expected 1791538937945 to be null
   ✓ useLiveTrades > initial state > returns empty trades array and loading state initially 2ms
   ✓ useLiveTrades > initial state > normalizes symbol to uppercase for subscription 2ms
   ✓ useLiveTrades > receiving trade updates > updates trades when callback invokes 5ms
   ✓ useLiveTrades > receiving trade updates > reports when the last trades update arrived and keeps it after an error 9ms
   ✓ useLiveTrades > receiving trade updates > stays in loading state when no data received yet 2ms
   × useLiveTrades > receiving trade updates > reads trades from React Query cache when pre-populated 3ms
     → expected 1791538938019 to be null
   ✓ useLiveTrades > merging and deduplication > merges new trades with existing trades 5ms
   ✓ useLiveTrades > merging and deduplication > deduplicates trades by ID 5ms
   ✓ useLiveTrades > merging and deduplication > caps trades at maximum cache size 4ms
   ✓ useLiveTrades > merging and deduplication > sorts trades by timestamp descending (most recent first) 4ms
   ✓ useLiveTrades > enabled option > does not subscribe when enabled is false 1ms
   ✓ useLiveTrades > enabled option > does not subscribe when symbol is empty 1ms
   ✓ useLiveTrades > enabled option > returns disabled state shape when disabled 0ms
   ✓ useLiveTrades > error handling > sets isError to true when error callback is invoked 3ms
   ✓ useLiveTrades > error handling > returns isError=false when disabled 1ms
   × useLiveTrades > stale data behavior > keeps previous data visible when switching symbols (isStale=true) 5ms
     → expected 1791538938048 to be null
   ✓ useLiveTrades > type exports > returns correct shape matching UseLiveTradesReturn interface 1ms
   ✓ useLiveTrades > cleanup > calls unsubscribe when unmounting 2ms
   ✓ useLiveTrades > cleanup > calls unsubscribe when symbol changes 2ms
   ✓ useLiveTrades > cleanup > calls unsubscribe when enabled changes to false 2ms

⎯⎯⎯⎯⎯⎯⎯ Failed Tests 6 ⎯⎯⎯⎯⎯⎯⎯

 FAIL  src/features/perpetuals/queries/live-orderbook-query.test.tsx > useLiveOrderBook > initial state > leaves the timestamp unset after the dummy fetch resolves
AssertionError: expected 1791538937945 to be null

- Expected: 
null

+ Received: 
1791538937945

 ❯ src/features/perpetuals/queries/live-orderbook-query.test.tsx:126:44
    124|         ).toBe("success");
    125|       });
    126|       expect(result.current.lastUpdatedAt).toBeNull();
       |                                            ^
    127|     });
    128| 

⎯⎯⎯⎯⎯⎯⎯⎯⎯⎯⎯⎯⎯⎯⎯⎯⎯⎯⎯⎯⎯⎯⎯⎯[1/6]⎯

 FAIL  src/features/perpetuals/queries/live-orderbook-query.test.tsx > useLiveOrderBook > receiving order book updates > reads orderBook from React Query cache when pre-populated
AssertionError: expected 1791538938023 to be null

- Expected: 
null

+ Received: 
1791538938023

 ❯ src/features/perpetuals/queries/live-orderbook-query.test.tsx:251:44
    249|       });
    250|       expect(result.current.isInitialLoading).toBe(false);
    251|       expect(result.current.lastUpdatedAt).toBeNull();
       |                                            ^
    252|     });
    253| 

⎯⎯⎯⎯⎯⎯⎯⎯⎯⎯⎯⎯⎯⎯⎯⎯⎯⎯⎯⎯⎯⎯⎯⎯[2/6]⎯

 FAIL  src/features/perpetuals/queries/live-orderbook-query.test.tsx > useLiveOrderBook > stale data behavior > keeps previous data visible when switching aggregation (isStale=true)
AssertionError: expected 1791538938042 to be null

- Expected: 
null

+ Received: 
1791538938042

 ❯ src/features/perpetuals/queries/live-orderbook-query.test.tsx:405:44
    403|         ).toBe("success");
    404|       });
    405|       expect(result.current.lastUpdatedAt).toBeNull();
       |                                            ^
    406| 
    407|       act(() => {

⎯⎯⎯⎯⎯⎯⎯⎯⎯⎯⎯⎯⎯⎯⎯⎯⎯⎯⎯⎯⎯⎯⎯⎯[3/6]⎯

 FAIL  src/features/perpetuals/queries/live-trades-query.test.tsx > useLiveTrades > initial state > leaves the timestamp unset after the dummy fetch resolves
AssertionError: expected 1791538937945 to be null

- Expected: 
null

+ Received: 
1791538937945

 ❯ src/features/perpetuals/queries/live-trades-query.test.tsx:130:44
    128|         ).toBe("success");
    129|       });
    130|       expect(result.current.lastUpdatedAt).toBeNull();
       |                                            ^
    131|     });
    132| 

⎯⎯⎯⎯⎯⎯⎯⎯⎯⎯⎯⎯⎯⎯⎯⎯⎯⎯⎯⎯⎯⎯⎯⎯[4/6]⎯

 FAIL  src/features/perpetuals/queries/live-trades-query.test.tsx > useLiveTrades > receiving trade updates > reads trades from React Query cache when pre-populated
AssertionError: expected 1791538938019 to be null

- Expected: 
null

+ Received: 
1791538938019

 ❯ src/features/perpetuals/queries/live-trades-query.test.tsx:247:44
    245|       });
    246|       expect(result.current.isInitialLoading).toBe(false);
    247|       expect(result.current.lastUpdatedAt).toBeNull();
       |                                            ^
    248|     });
    249|   });

⎯⎯⎯⎯⎯⎯⎯⎯⎯⎯⎯⎯⎯⎯⎯⎯⎯⎯⎯⎯⎯⎯⎯⎯[5/6]⎯

 FAIL  src/features/perpetuals/queries/live-trades-query.test.tsx > useLiveTrades > stale data behavior > keeps previous data visible when switching symbols (isStale=true)
AssertionError: expected 1791538938048 to be null

- Expected: 
null

+ Received: 
1791538938048

 ❯ src/features/perpetuals/queries/live-trades-query.test.tsx:469:44
    467|       expect(result.current.lastUpdatedAt).toBeNull();
    468|       rerender({ symbol: testSymbol });
    469|       expect(result.current.lastUpdatedAt).toBeNull();
       |                                            ^
    470|     });
    471|   });

⎯⎯⎯⎯⎯⎯⎯⎯⎯⎯⎯⎯⎯⎯⎯⎯⎯⎯⎯⎯⎯⎯⎯⎯[6/6]⎯


 Test Files  2 failed (2)
      Tests  6 failed | 31 passed (37)
   Start at  17:42:14
   Duration  3.30s (transform 291ms, setup 811ms, collect 2.94s, tests 240ms, environment 1.32s, prepare 278ms)

